// Jest Snapshot v1, https://goo.gl/fbAQLP

exports[`App Component should render correctly with no props 1`] = `ReactWrapper {}`;
